// Jest Snapshot v1, https://goo.gl/fbAQLP

exports[`Header Snapshot Test Header Snapshot 1`] = `[Function]`;
